17:05:50 **** Incremental Build of configuration Debug for project ex ****
make -j8 all 
arm-none-eabi-gcc "../Core/Src/scheduler.c" -mcpu=cortex-m3 -std=gnu11 -g3 -DDEBUG -DUSE_HAL_DRIVER -DSTM32F103x6 -c -I../Core/Inc -I../Drivers/STM32F1xx_HAL_Driver/Inc -I../Drivers/STM32F1xx_HAL_Driver/Inc/Legacy -I../Drivers/CMSIS/Device/ST/STM32F1xx/Include -I../Drivers/CMSIS/Include -O0 -ffunction-sections -fdata-sections -Wall -fstack-usage -MMD -MP -MF"Core/Src/scheduler.d" -MT"Core/Src/scheduler.o" --specs=nano.specs -mfloat-abi=soft -mthumb -o "Core/Src/scheduler.o"
arm-none-eabi-gcc -o "ex.elf" @"objects.list"   -mcpu=cortex-m3 -T"D:\Desktop\lab_vxl\lab4\ex\STM32F103C6UX_FLASH.ld" --specs=nosys.specs -Wl,-Map="ex.map" -Wl,--gc-sections -static --specs=nano.specs -mfloat-abi=soft -mthumb -Wl,--start-group -lc -lm -Wl,--end-group
Finished building target: ex.elf
 
arm-none-eabi-size   ex.elf 
arm-none-eabi-objdump -h -S  ex.elf  > "ex.list"
arm-none-eabi-objcopy  -O ihex  ex.elf  "ex.hex"
   text	   data	    bss	    dec	    hex	filename
   8044	     20	   1844	   9908	   26b4	ex.elf
arm-none-eabi-objcopy  -O binary  ex.elf  "ex.bin"
Finished building: default.size.stdout
 
Finished building: ex.hex
 
Finished building: ex.bin
Finished building: ex.list
 
 

17:05:50 Build Finished. 0 errors, 0 warnings. (took 541ms)

